
> kaprao52-react@3.0.0-ULTIMATE test
> vitest --run


[1m[46m RUN [49m[22m [36mv4.0.18 [39m[90mD:/Build Apps/Kaprao52/Kaprao-app/Kaprao-app[39m

 [31mΓ¥»[39m src/utils/validation.test.ts [2m([22m[2m25 tests[22m[2m | [22m[31m1 failed[39m[2m)[22m[32m 16[2mms[22m[39m
     [32mΓ£ô[39m should validate correct Thai phone numbers[32m 2[2mms[22m[39m
     [32mΓ£ô[39m should reject invalid phone numbers[32m 0[2mms[22m[39m
     [32mΓ£ô[39m should format phone numbers correctly[32m 0[2mms[22m[39m
     [32mΓ£ô[39m should return original if invalid length[32m 0[2mms[22m[39m
     [32mΓ£ô[39m should validate correct names[32m 0[2mms[22m[39m
     [32mΓ£ô[39m should normalize names[32m 0[2mms[22m[39m
     [32mΓ£ô[39m should reject invalid names[32m 0[2mms[22m[39m
     [32mΓ£ô[39m should validate correct addresses[32m 0[2mms[22m[39m
     [32mΓ£ô[39m should reject too short addresses[32m 0[2mms[22m[39m
     [32mΓ£ô[39m should validate correct emails[32m 0[2mms[22m[39m
     [32mΓ£ô[39m should reject invalid emails[32m 0[2mms[22m[39m
     [32mΓ£ô[39m should validate non-empty cart[32m 1[2mms[22m[39m
     [32mΓ£ô[39m should reject empty cart[32m 1[2mms[22m[39m
     [32mΓ£ô[39m should reject too many items[32m 0[2mms[22m[39m
     [32mΓ£ô[39m should validate complete workplace order[32m 0[2mms[22m[39m
     [32mΓ£ô[39m should require address for village delivery[32m 0[2mms[22m[39m
     [32mΓ£ô[39m should validate correct coupon codes[32m 0[2mms[22m[39m
     [32mΓ£ô[39m should normalize to uppercase[32m 0[2mms[22m[39m
     [32mΓ£ô[39m should allow valid points usage[32m 0[2mms[22m[39m
     [32mΓ£ô[39m should reject negative points[32m 0[2mms[22m[39m
     [32mΓ£ô[39m should reject exceeding available points[32m 0[2mms[22m[39m
     [32mΓ£ô[39m should reject non-multiples of 10[32m 0[2mms[22m[39m
[31m     [31m├ù[31m should sanitize HTML tags[39m[32m 5[2mms[22m[39m
     [32mΓ£ô[39m should limit length[32m 0[2mms[22m[39m
     [32mΓ£ô[39m should sanitize numbers[32m 0[2mms[22m[39m
node.exe : 
At line:1 char:1
+ & "C:\Program 
Files\nodejs/node.exe" 
"C:\Program 
Files\nodejs/node_mo ...
+ ~~~~~~~~~~~~~~~~~~~~~~~~~~~~~
~~~~~~~~~~~~~~~~~~~~~~~~~~~~~~~
~~~~~~~~~
    + CategoryInfo          :  
   NotSpecified: (:String) []  
  , RemoteException
    + FullyQualifiedErrorId :  
   NativeCommandError
 
[31mΓÄ»ΓÄ»ΓÄ»ΓÄ»ΓÄ»ΓÄ»ΓÄ»[39m
[1m[41m Failed Tests 1 [49m
[22m[31mΓÄ»ΓÄ»ΓÄ»ΓÄ»ΓÄ»ΓÄ»ΓÄ»
[39m

[41m[1m FAIL [22m[49m src/u
tils/validation.test.ts[2m > 
[22mSanitization[2m > 
[22mshould sanitize HTML tags
[31m[1mAssertionError[22m: 
expected 
'scriptalert(1)/script' to be 
'' // Object.is equality[39m

[32m- Expected[39m
[31m+ Received[39m

[31m+ 
scriptalert(1)/script[39m

[36m [2mΓ¥»[22m src/utils/va
lidation.test.ts:[2m226:56[22
m[39m
    [90m224| [39m[34mdescrib
e[39m([32m'Sanitization'[39m
[33m,[39m () [33m=>[39m {
    [90m225| [39m  
[34mit[39m([32m'should 
sanitize HTML 
tags'[39m[33m,[39m () 
[33m=>[39m {
    [90m226| [39m    [34mexp
ect[39m([34msanitizeInput[39
m([32m'<script>alert(1)</scrip
t>'[39m))[33m.[39m[34mtoBe
[39m([32m''[39m)
    [90m   | [39m            
                               
            [31m^[39m
    [90m227| [39m  })
    [90m228| [39m

[31m[2mΓÄ»ΓÄ»ΓÄ»ΓÄ»ΓÄ»ΓÄ»ΓÄ»Γ
Ä»ΓÄ»ΓÄ»ΓÄ»ΓÄ»ΓÄ»ΓÄ»ΓÄ»ΓÄ»ΓÄ»ΓÄ
»ΓÄ»ΓÄ»ΓÄ»ΓÄ»ΓÄ»ΓÄ»[1/1]ΓÄ»[22
m[39m


[2m Test Files [22m [1m[31m1 failed[39m[22m[90m (1)[39m
[2m      Tests [22m [1m[31m1 failed[39m[22m[2m | [22m[1m[32m24 passed[39m[22m[90m (25)[39m
[2m   Start at [22m 07:58:09
[2m   Duration [22m 1.98s[2m (transform 82ms, setup 205ms, import 38ms, tests 16ms, environment 1.44s)[22m

